               Работает Pascal - компилятор 
                   Листинг программы
   1  program example1; 
   2  var a,b,l:integer; 
   3  	c,de:real; 
**01**       ^ ошибка код  104 
****** 104 : имя не описано

   4  	c,t:boolean; 
**02**  ^ ошибка код  101 
****** 101 : имя описано повторно

   5  	b1,b2:boolean; 
   6  function o(i:integer):boolean; 
   7  forward;	 
   8  function f(var s1,s2:integer; c:integer):integer; 
   9  	var dd,h:boolean; 
  10  	function e(b2:integer):boolean; 
  11  		var t:integer; 
  12  		begin 
  13  			t:=a+b; 
  14  			begin 
  15  			e:=h; 
  16  			c:=b2 mod 5; 
  17  			end; 
  18  		end; 
  19  	begin 
  20  		b2:=5; 
**03**               ^ ошибка код  145 
****** 145 : конфликт типов

  21  		t:=1-4 mod b1; 
**04**                       ^ ошибка код  145 
****** 145 : конфликт типов

**05**                       ^ ошибка код  145 
****** 145 : конфликт типов

  22  		b2:=c-b2; 
**06**                  ^ ошибка код  145 
****** 145 : конфликт типов

**07**                  ^ ошибка код  145 
****** 145 : конфликт типов

  23  		dd:=e(a); 
  24  		b2:=true; 
  25  		b1:=o(b); 
  26  	end; 
  27  function o:boolean; 
  28  	var t:integer; 
  29  	begin 
  30  		t:=a+b; 
  31  		begin 
  32  		o:=b1; 
  33  		c:=b2 mod 5; 
**08**          ^ ошибка код  100 
****** 100 : использование имени не соответствует описанию

**09**          ^ ошибка код    6 
******   6 : запрещенный символ

  34  		t:=f(t,t,t); 
  35  		end; 
  36  	end; 
  37  begin 
  38    read(a); 
  39    readln(c); 
**10**         ^ ошибка код  104 
****** 104 : имя не описано

  40    write(a*a+1); 
  41    writeln(a); 
  42  	b2:=5; 
**11**       ^ ошибка код  145 
****** 145 : конфликт типов

  43  	de:=(a+b) mod 2 div b /a; 
**12**                          ^ ошибка код  145 
****** 145 : конфликт типов

  44  	a:=f(c,c*c*c,3+l,4,y); 
**13**       ^ ошибка код  104 
****** 104 : имя не описано

**14**         ^ ошибка код  104 
****** 104 : имя не описано

**15**          ^ ошибка код    6 
******   6 : запрещенный символ

**16**                  ^ ошибка код    4 
******   4 : должен идти символ  ')'

**17**                  ^ ошибка код    6 
******   6 : запрещенный символ

  45  	t:=o; 
**18**      ^ ошибка код    4 
******   4 : должен идти символ  ')'

  46  	o:=t; 
  47  end. 

Кoмпиляция окончена: ошибок -  18 !
